     2>c:\Users\Aleksandra\songspiration-\backend\SongSpiration.BLL\Services\PinServiceTests.cs(1,7): error CS0246: Nie można znaleźć nazwy typu lub przestrzeni nazw „Moq” (brak dyrektywy using lub odwołania do zestawu?) [c:\Users\Aleksandra\songspiration-\backend\SongSpiration.BLL\SongSpiration.BLL.csproj]
     2>c:\Users\Aleksandra\songspiration-\backend\SongSpiration.BLL\Services\PinServiceTests.cs(4,28): error CS0234: Typ lub przestrzeń nazw „Dtos” nie występuje w przestrzeni nazw „SongSpiration.Models” (czy nie brakuje odwołania do zestawu?) [c:\Users\Aleksandra\songspiration-\backend\SongSpiration.BLL\SongSpiration.BLL.csproj]
     2>c:\Users\Aleksandra\songspiration-\backend\SongSpiration.BLL\Services\PinServiceTests.cs(5,7): error CS0246: Nie można znaleźć nazwy typu lub przestrzeni nazw „Xunit” (brak dyrektywy using lub odwołania do zestawu?) [c:\Users\Aleksandra\songspiration-\backend\SongSpiration.BLL\SongSpiration.BLL.csproj]
     2>c:\Users\Aleksandra\songspiration-\backend\SongSpiration.BLL\Services\PinServiceTests.cs(14,26): error CS0246: Nie można znaleźć nazwy typu lub przestrzeni nazw „Mock<>” (brak dyrektywy using lub odwołania do zestawu?) [c:\Users\Aleksandra\songspiration-\backend\SongSpiration.BLL\SongSpiration.BLL.csproj]
     2>c:\Users\Aleksandra\songspiration-\backend\SongSpiration.BLL\Services\PinServiceTests.cs(14,31): error CS0246: Nie można znaleźć nazwy typu lub przestrzeni nazw „IPinRepository” (brak dyrektywy using lub odwołania do zestawu?) [c:\Users\Aleksandra\songspiration-\backend\SongSpiration.BLL\SongSpiration.BLL.csproj]
     2>c:\Users\Aleksandra\songspiration-\backend\SongSpiration.BLL\Services\PinServiceTests.cs(23,10): error CS0246: Nie można znaleźć nazwy typu lub przestrzeni nazw „FactAttribute” (brak dyrektywy using lub odwołania do zestawu?) [c:\Users\Aleksandra\songspiration-\backend\SongSpiration.BLL\SongSpiration.BLL.csproj]
     2>c:\Users\Aleksandra\songspiration-\backend\SongSpiration.BLL\Services\PinServiceTests.cs(23,10): error CS0246: Nie można znaleźć nazwy typu lub przestrzeni nazw „Fact” (brak dyrektywy using lub odwołania do zestawu?) [c:\Users\Aleksandra\songspiration-\backend\SongSpiration.BLL\SongSpiration.BLL.csproj]
     2>c:\Users\Aleksandra\songspiration-\backend\SongSpiration.BLL\Services\PinServiceTests.cs(43,10): error CS0246: Nie można znaleźć nazwy typu lub przestrzeni nazw „FactAttribute” (brak dyrektywy using lub odwołania do zestawu?) [c:\Users\Aleksandra\songspiration-\backend\SongSpiration.BLL\SongSpiration.BLL.csproj]
     2>c:\Users\Aleksandra\songspiration-\backend\SongSpiration.BLL\Services\PinServiceTests.cs(43,10): error CS0246: Nie można znaleźć nazwy typu lub przestrzeni nazw „Fact” (brak dyrektywy using lub odwołania do zestawu?) [c:\Users\Aleksandra\songspiration-\backend\SongSpiration.BLL\SongSpiration.BLL.csproj]
     4>CSC : error CS0006: Nie można znaleźć pliku metadanych „c:\Users\Aleksandra\songspiration-\backend\SongSpiration.BLL\obj\Debug\net8.0\ref\SongSpiration.BLL.dll” [c:\Users\Aleksandra\songspiration-\backend\SongSpiration.Tests\BLL\SongSpiration.Tests.BLL.csproj]
